postgres (PostgreSQL) 14.18 (Homebrew)
The files belonging to this database system will be owned by user "biswaskhatiwada".
This user must also own the server process.

The database cluster will be initialized with locale "C".
The default text search configuration will be set to "english".

Data page checksums are disabled.

creating directory /tmp/forge-baseline-pg-l4jx2nl3/data ... ok
creating subdirectories ... ok
selecting dynamic shared memory implementation ... posix
selecting default max_connections ... 100
selecting default shared_buffers ... 128MB
selecting default time zone ... America/Chicago
creating configuration files ... ok
running bootstrap script ... ok
performing post-bootstrap initialization ... ok
syncing data to disk ... ok

Success. You can now start the database server using:

    pg_ctl -D /tmp/forge-baseline-pg-l4jx2nl3/data -l logfile start

waiting for server to start.... done
server started

> forge-ai@0.2.0 db:migrate
> node --env-file-if-exists=.env.local --import tsx scripts/migrate.ts

.env.local not found. Continuing without it.
Database migration verified.

> forge-ai@0.2.0 db:migrate
> node --env-file-if-exists=.env.local --import tsx scripts/migrate.ts

.env.local not found. Continuing without it.
Database migration verified.

> forge-ai@0.2.0 test:e2e
> playwright test


Running 40 tests using 1 worker
·····················°°°°····°°°°°°°°°°°
  15 skipped
  25 passed (11.4s)
waiting for server to shut down.... done
server stopped
PASS: application migrations (fresh + repeat), existing browser suite; synthetic local owner only.
Cleanup: owned application process stopped and disposable PostgreSQL directory removed.
