▲ [WARNING] Cannot find base config file "expo/tsconfig.base" [tsconfig.json]

    ../../tsconfig.json:3:13:
      3 │   "extends": "expo/tsconfig.base"
        ╵              ~~~~~~~~~~~~~~~~~~~~


 RUN  v4.1.11 /Users/biswaskhatiwada/Developer/forge-production-integration

 ❯ tests/engine/hosted-catalog.test.ts (0 test)
 ❯ tests/engine/hosted-identity.native.test.ts (0 test)

⎯⎯⎯⎯⎯⎯ Failed Suites 2 ⎯⎯⎯⎯⎯⎯⎯

 FAIL  tests/engine/hosted-catalog.test.ts [ tests/engine/hosted-catalog.test.ts ]
 FAIL  tests/engine/hosted-identity.native.test.ts [ tests/engine/hosted-identity.native.test.ts ]
Error: Transform failed with 1 error:
/Users/biswaskhatiwada/Developer/forge-production-integration/engine/providers/hosted-catalog.ts:77:8: ERROR: Expected ")" but found "throw"
  Plugin: vite:esbuild
  File: /Users/biswaskhatiwada/Developer/forge-production-integration/engine/providers/hosted-catalog.ts:77:8
  
  Expected ")" but found "throw"
  75 |        if (!model.supported_parameters?.includes('response_format') || !model.pricing
  76 |          || !['prompt', 'completion'].every(name => /^0(?:\.0+)?$/.test(model.pricing![name] ?? ''))
  77 |          throw new ConnectionCheckError('FREE_TIER_REQUIRED')
     |          ^
  78 |        for (const value of Object.values(model.pricing))
  79 |          if (!/^0(?:\.0+)?$/.test(value)) throw new ConnectionCheckError('FREE_TIER_REQUIRED')
  
 ❯ failureErrorWithLog node_modules/esbuild/lib/main.js:1752:15
 ❯ node_modules/esbuild/lib/main.js:1019:50
 ❯ responseCallbacks.<computed> node_modules/esbuild/lib/main.js:886:9
 ❯ handleIncomingPacket node_modules/esbuild/lib/main.js:941:12
 ❯ Socket.readFromStdout node_modules/esbuild/lib/main.js:864:7

⎯⎯⎯⎯⎯⎯⎯⎯⎯⎯⎯⎯⎯⎯⎯⎯⎯⎯⎯⎯⎯⎯⎯⎯[1/2]⎯


 Test Files  2 failed | 2 passed (4)
      Tests  59 passed (59)
   Start at  17:15:21
   Duration  558ms (transform 381ms, setup 0ms, import 372ms, tests 178ms, environment 0ms)

