▲ [WARNING] Cannot find base config file "expo/tsconfig.base" [tsconfig.json]

    ../../tsconfig.json:3:13:
      3 │   "extends": "expo/tsconfig.base"
        ╵              ~~~~~~~~~~~~~~~~~~~~


 RUN  v4.1.11 /Users/biswaskhatiwada/Developer/forge-production-integration

 ❯ tests/engine/preview-control.native.test.ts (23 tests | 3 failed) 91653ms
   × denies continued access after session-expiry and revokes credentials during cleanup 11020ms
   × denies continued access after revoked-route and revokes credentials during cleanup 8863ms
   × rejects legacy unbound tickets, generation mismatch, foreign worker registration and PUBLIC privileges 5626ms

⎯⎯⎯⎯⎯⎯⎯ Failed Tests 3 ⎯⎯⎯⎯⎯⎯⎯

 FAIL  tests/engine/preview-control.native.test.ts > denies continued access after session-expiry and revokes credentials during cleanup
 FAIL  tests/engine/preview-control.native.test.ts > denies continued access after revoked-route and revokes credentials during cleanup
Error: Test timed out in 5000ms.
If this is a long-running test, pass a timeout value as the last argument or configure it globally with "testTimeout".
 ❯ tests/engine/preview-control.native.test.ts:98:2
     96|   'revoked-route',
     97|   'shutdown',
     98| ])('denies continued access after %s and revokes credentials during cl…
       |  ^
     99|   const p = await h.ready(),
    100|     t = await p.issue(),

⎯⎯⎯⎯⎯⎯⎯⎯⎯⎯⎯⎯⎯⎯⎯⎯⎯⎯⎯⎯⎯⎯⎯⎯[1/3]⎯

 FAIL  tests/engine/preview-control.native.test.ts > rejects legacy unbound tickets, generation mismatch, foreign worker registration and PUBLIC privileges
Error: Test timed out in 5000ms.
If this is a long-running test, pass a timeout value as the last argument or configure it globally with "testTimeout".
 ❯ tests/engine/preview-control.native.test.ts:233:1
    231|   await expect(h.preview.revoke(viewer.token, viewer.csrf, p.route.id,…
    232| })
    233| it('rejects legacy unbound tickets, generation mismatch, foreign worke…
       | ^
    234|   const p = await h.ready(),
    235|     t = await p.issue()

⎯⎯⎯⎯⎯⎯⎯⎯⎯⎯⎯⎯⎯⎯⎯⎯⎯⎯⎯⎯⎯⎯⎯⎯[2/3]⎯


 Test Files  1 failed (1)
      Tests  3 failed | 20 passed (23)
   Start at  18:32:57
   Duration  93.91s (transform 811ms, setup 0ms, import 1.44s, tests 91.65s, environment 0ms)

