
> forge-ai@0.2.0 verify
> npm run lint && npm run typecheck && npm test && npm run build


> forge-ai@0.2.0 lint
> eslint .


> forge-ai@0.2.0 typecheck
> tsc --noEmit && tsc -p tsconfig.engine.json


> forge-ai@0.2.0 test
> vitest run

▲ [WARNING] Cannot find base config file "expo/tsconfig.base" [tsconfig.json]

    ../../tsconfig.json:3:13:
      3 │   "extends": "expo/tsconfig.base"
        ╵              ~~~~~~~~~~~~~~~~~~~~


 RUN  v4.1.11 /Users/biswaskhatiwada/Developer/forge-production-integration

 ❯ tests/engine/task02-runtime.test.ts (16 tests | 1 failed) 10379ms
     × runs Python OS/guest fault simulations without executing candidate code 7488ms
 ❯ src/cloud/main.test.ts (1 test | 1 failed) 5060ms
   × guides a new user through persisted stages, creates the first brief and clears private UI at logout 5049ms

⎯⎯⎯⎯⎯⎯⎯ Failed Tests 2 ⎯⎯⎯⎯⎯⎯⎯

 FAIL  src/cloud/main.test.ts > guides a new user through persisted stages, creates the first brief and clears private UI at logout
Error: Test timed out in 5000ms.
If this is a long-running test, pass a timeout value as the last argument or configure it globally with "testTimeout".
 ❯ src/cloud/main.test.ts:34:1
     32|   }
     33| })
     34| it('guides a new user through persisted stages, creates the first brie…
       | ^
     35|   vi.stubGlobal('matchMedia', () => ({ matches: false, addEventListene…
     36|   document.body.innerHTML = '<div id="app" tabindex="-1"></div><dialog…

⎯⎯⎯⎯⎯⎯⎯⎯⎯⎯⎯⎯⎯⎯⎯⎯⎯⎯⎯⎯⎯⎯⎯⎯[1/2]⎯

 FAIL  tests/engine/task02-runtime.test.ts > Task02 image and RPC contracts (fixture evidence) > runs Python OS/guest fault simulations without executing candidate code
Error: Test timed out in 5000ms.
If this is a long-running test, pass a timeout value as the last argument or configure it globally with "testTimeout".
 ❯ tests/engine/task02-runtime.test.ts:94:3
     92|     if (process.platform !== 'linux') await expect(new InstalledLinuxH…
     93|   })
     94|   it('runs Python OS/guest fault simulations without executing candida…
       |   ^
     95|     expect(execFileSync('python3', ['-m', 'unittest', 'discover', '-s'…
     96|   })

⎯⎯⎯⎯⎯⎯⎯⎯⎯⎯⎯⎯⎯⎯⎯⎯⎯⎯⎯⎯⎯⎯⎯⎯[2/2]⎯


 Test Files  2 failed | 63 passed | 2 skipped (67)
      Tests  2 failed | 831 passed | 5 skipped (838)
   Start at  17:22:55
   Duration  115.12s (transform 19.58s, setup 0ms, import 42.73s, tests 124.50s, environment 38.33s)

