
> forge-ai@0.2.0 verify
> npm run lint && npm run typecheck && npm test && npm run build


> forge-ai@0.2.0 lint
> eslint .


> forge-ai@0.2.0 typecheck
> tsc --noEmit && tsc -p tsconfig.engine.json


> forge-ai@0.2.0 test
> vitest run


 RUN  v4.1.11 /private/tmp/forge-task05-identity

(node:29524) Warning: `--localstorage-file` was provided without a valid path
(Use `node --trace-warnings ...` to show where the warning was created)
(node:29726) Warning: `--localstorage-file` was provided without a valid path
(Use `node --trace-warnings ...` to show where the warning was created)

 Test Files  49 passed | 2 skipped (51)
      Tests  622 passed | 5 skipped (627)
   Start at  23:24:55
   Duration  23.20s (transform 2.45s, setup 0ms, import 7.17s, tests 93.89s, environment 3.22s)


> forge-ai@0.2.0 prebuild
> node scripts/copy-editor.mjs


> forge-ai@0.2.0 build
> next build --webpack

▲ Next.js 16.3.4 (webpack)
✓ Running next.config.ts took 101ms
- Experiments (use with caution):
  · cpus: 2

  Creating an optimized production build ...
✓ Compiled successfully in 6.3s
  Running TypeScript ...
  Finished TypeScript in 4.8s ...
  Collecting page data using 2 workers ...
  Generating static pages using 2 workers (0/16) ...
  Generating static pages using 2 workers (4/16)
  Generating static pages using 2 workers (8/16)
  Generating static pages using 2 workers (12/16)
✓ Generating static pages using 2 workers (16/16) in 228ms
(node:30199) Warning: `--localstorage-file` was provided without a valid path
(Use `node --trace-warnings ...` to show where the warning was created)
  Finalizing page optimization ...
  Collecting build traces ...

Route (app)
┌ ƒ /
├ ○ /_not-found
├ ƒ /api/account
├ ƒ /api/auth/[...all]
├ ƒ /api/jobs/[id]/cancel
├ ƒ /api/jobs/[id]/events
├ ƒ /api/projects
├ ƒ /api/projects/[id]
├ ƒ /api/projects/[id]/comments
├ ƒ /api/projects/[id]/export
├ ƒ /api/projects/[id]/jobs
├ ƒ /api/projects/[id]/remix
├ ƒ /api/projects/[id]/sharing
├ ƒ /api/projects/import
├ ƒ /api/providers
├ ƒ /api/providers/test
├ ƒ /api/status
├ ƒ /api/usage
├ ○ /app
├ ○ /app/connections
├ ○ /app/projects
├ ƒ /app/projects/[id]
├ ○ /app/settings
├ ○ /components
├ ○ /docs
├ ○ /examples
├ ƒ /examples/[id]
├ ○ /login
├ ○ /reset-password
└ ○ /sample


○  (Static)   prerendered as static content
ƒ  (Dynamic)  server-rendered on demand
