
> forge-ai@0.2.0 verify
> npm run lint && npm run typecheck && npm test && npm run build


> forge-ai@0.2.0 lint
> eslint .


> forge-ai@0.2.0 typecheck
> tsc --noEmit && tsc -p tsconfig.engine.json


> forge-ai@0.2.0 test
> vitest run


 RUN  v4.1.11 /private/tmp/forge-task01-final-reproduction

 ✓ tests/engine/persistence.native.test.ts (4 tests) 3390ms
   ✓ stores encrypted bytes across actual process exits; rejects versions, tenants and excessive DB authority  496ms
   ✓ restores control jobs and every available encrypted version into a separate target with measured synthetic loss  783ms
 ✓ tests/engine/identity.native.test.ts (11 tests | 1 skipped) 3417ms
   ✓ exhausted operator retries return safe busy with no partial membership, session or audit changes  820ms
 ✓ tests/engine/e4-control-http.test.ts (2 tests) 4065ms
   ✓ connects browser transport to displayed reviews, source, promotion, history and export over the existing control service  1348ms
   ✓ enforces source tenant boundaries, CSRF and exact file queries without exposing object locations  953ms
 ✓ tests/engine/e3-host.test.ts (20 tests) 1840ms
     ✓ expired launch is bounded and cannot release its reservation before settling  601ms
 ✓ tests/engine/byok.native.test.ts (5 tests) 2616ms
 ✓ src/engine/workspace.test.ts (24 tests) 1823ms
 ✓ tests/engine/e4-repair-integration.test.ts (4 tests) 6504ms
     ✓ requires changed repair bytes, a new diff and fresh execution approval before fixture success  1299ms
     ✓ stops at two repairs and four total reserved provider fixture operations despite repeated failures  1392ms
     ✓ fences an unadopted repair result after cancel changes during commit  866ms
     ✓ fences an unadopted repair result after epoch changes during commit  746ms
 ✓ tests/engine/e3-runtime.test.ts (11 tests) 1902ms
     ✓ holds admission after uncertain create, releases only confirmed cleanup  338ms
     ✓ allows heartbeat/cancellation while check runs; late result cannot commit  308ms
     ✓ collects once only after every required check and persists its immutable digest  666ms
 ↓ tests/engine/validation-native.test.ts (1 test | 1 skipped)
 ✓ server/cloud/store.test.mjs (6 tests) 2485ms
 ✓ tests/engine/database.test.ts (1 test) 2529ms
   ✓ applies the control migration and checks SQL constraints/RLS in embedded PostgreSQL (not native deployment evidence)  2528ms
 ✓ tests/engine/validation-migrations.test.ts (64 tests) 3251ms
     ✓ runs reviewed canonical migrations on fresh and seeded prior schemas in embedded PostgreSQL  3239ms
 ✓ tests/engine/e3-transport.test.ts (12 tests) 684ms
 ✓ tests/engine/validation-integration.test.ts (4 tests) 1011ms
     ✓ binds generated candidate review to authenticated broker operations and refuses fixture verification as live  766ms
 ✓ tests/engine/e3-candidate-export.test.ts (3 tests | 1 skipped) 441ms
     ✓ roundtrips pinned platform source through reopened immutable artifacts and concrete scanner  391ms
 ✓ tests/providers/providers.test.ts (28 tests) 423ms
     ✓ retries transient server failures before a stream starts  394ms
 ✓ src/cloud/main.test.ts (1 test) 647ms
   ✓ guides a new user through persisted stages, creates the first brief and clears private UI at logout  646ms
 ✓ tests/engine/task02-runtime.test.ts (16 tests) 369ms
 ✓ tests/engine/preview-host.test.ts (8 tests) 315ms
 ✓ tests/engine/provider-evaluation.test.ts (16 tests) 183ms
 ✓ src/engine/flow.test.ts (26 tests) 195ms
 ✓ tests/engine/byok.test.ts (56 tests) 137ms
 ✓ tests/engine/e2-local-artifacts.test.ts (3 tests) 60ms
 ✓ tests/engine/acceptance-ledger.test.ts (14 tests) 80ms
 ✓ tests/engine/publishing.test.ts (28 tests) 46ms
 ✓ tests/engine/e2-generation.test.ts (40 tests) 91ms
 ✓ tests/engine/oidc-identity.test.ts (26 tests) 124ms
 ✓ tests/engine/e3-release.test.ts (16 tests) 73ms
 ✓ src/engine/source-client.test.ts (28 tests) 51ms
 ✓ tests/generation.test.ts (6 tests) 53ms
 ✓ server/app.test.mjs (7 tests) 42ms
 ✓ server/cloud/app.test.mjs (4 tests) 56ms
 ✓ tests/preview.test.ts (4 tests) 43ms
 ✓ server/cloud/auth.test.mjs (4 tests) 34ms
 ✓ tests/engine/template-toolchain.test.ts (3 tests) 45ms
 ✓ tests/engine/contracts.test.ts (61 tests) 103ms
 ✓ src/engine/client.test.ts (13 tests) 30ms
 ✓ src/export.test.ts (2 tests) 32ms
 ✓ tests/engine/byok-transport.test.ts (3 tests) 24ms
 ✓ tests/engine/delivery-evidence.test.ts (13 tests) 28ms
 ✓ tests/engine/jobs.test.ts (9 tests) 26ms
 ✓ tests/creation.test.ts (5 tests) 26ms
 ✓ server/provider.test.mjs (12 tests) 25ms
 ✓ server/cloud/planning.test.mjs (3 tests) 19ms
 ✓ tests/engine/operations.test.ts (8 tests) 17ms
 ✓ tests/engine/validation-dependencies.test.ts (2 tests) 9ms
 ✓ tests/engine/e5-candidate-recovery.test.ts (2 tests | 1 skipped) 25ms
 ✓ tests/engine/encrypted-objects.test.ts (2 tests) 8ms
 ✓ tests/workspace.test.ts (15 tests) 5ms
 ✓ src/storage.test.ts (5 tests) 6ms
 ✓ tests/engine/validation-secrets.test.ts (5 tests) 8ms
 ✓ tests/engine/e3-collector.test.ts (16 tests) 11ms
 ✓ tests/engine/persistence-config.test.ts (3 tests) 9ms
 ✓ src/design.test.ts (5 tests) 3ms
 ✓ tests/engine/preview-policy.test.ts (6 tests) 14ms
 ✓ tests/engine/validation-acceptance.test.ts (6 tests) 9ms
 ✓ tests/engine/validation-harness.test.ts (5 tests) 4ms
 ✓ tests/normalization.test.ts (1 test) 2ms
 ✓ src/project.test.ts (2 tests) 2ms
 ✓ tests/engine/preview-hostnames.test.ts (1 test) 2ms
 ↓ tests/engine/e3-postgres-candidate.test.ts (1 test | 1 skipped)
 ✓ tests/engine/e2-control-integration.test.ts (19 tests) 16590ms
   ✓ connects actual 20-file candidate bytes through reviews, promotion, history, immutable export and source restoration (all execution is fixture)  1692ms
   ✓ rejects wrong immutable reference scope before adoption  697ms
   ✓ rejects wrong immutable reference hash before adoption  563ms
   ✓ rejects wrong immutable reference version before adoption  812ms
   ✓ rejects wrong immutable reference key before adoption  620ms
   ✓ rejects an invented plan resource grant and keeps plan metadata unadopted  785ms
   ✓ refuses tenant-crossed source reads and nonzero candidate admission  1767ms
   ✓ rejects adoption after lease loss during object validation  678ms
   ✓ replays saved candidate references after crash without repeating the stage product  656ms
   ✓ coalesces concurrent export retries into one adopted immutable attachment  1251ms
   ✓ blocks export replay after verification revocation/expiry  1048ms
   ✓ blocks export replay after policy revocation/expiry  509ms
   ✓ blocks export replay after session revocation/expiry  439ms
   ✓ refuses cached reference tampering during crash replay  344ms
   ✓ rejects a secret-bearing immutable candidate before reference adoption  467ms
   ✓ uses the guarded artifact locator for available bytes without revealing foreign/missing metadata  525ms
   ✓ reauthorizes a source read after object I/O and refuses revoked sessions  532ms
   ✓ refuses exported attachment bytes after role downgrade to viewer  520ms
   ✓ revalidates stored candidates with identical diff bytes and zero object writes  333ms
 ✓ tests/engine/control.native.test.ts (45 tests) 17255ms
   ✓ persists projects, completes only fixture stages and atomically promotes source  385ms
   ✓ denies cross-tenant reads/writes and viewer mutations, including pooled context reuse  401ms
   ✓ deduplicates concurrent requests, rejects different content and allows exactly one active project job  329ms
   ✓ enforces optimistic revisions and blocks editing a project with a nonterminal job  355ms
   ✓ fences an expired worker, then reclaims the durable step with a higher epoch  383ms
   ✓ keeps an ambiguous provider charge reserved after actual worker process death; resolves it once  705ms
   ✓ does not repeat a committed stage when the worker dies before acknowledgment  388ms
   ✓ serializes promotion and cancellation; no cancelled job changes the source head  1162ms
   ✓ a repaired candidate cannot reuse the previous execution approval  447ms
   ✓ expires active work through cleanup and never revives it on worker restart  331ms
   ✓ rechecks membership and policy revocation before approval and further dispatch  422ms
   ✓ requires reset acknowledgment and restores source into a new reviewed history record  455ms
   ✓ replays identical explicit promotion requests after success without a second approval  405ms
   ✓ cancels PROVISIONING without promoting source or allowing further dispatch  351ms
 ✓ tests/engine/preview-control.native.test.ts (23 tests) 18536ms
   ✓ consumes one ticket atomically under 16 concurrent requests; stores only hashes  1051ms
   ✓ rolls consumption back when session insertion fails, then permits exactly one retry  663ms
   ✓ rejects foreign tenant, wrong CSRF, wrong hostname, expired and replayed tickets  946ms
   ✓ binds sessions to exact tenant/generation/host and rotates once on concurrent renewal  1310ms
   ✓ denies continued access after membership and revokes credentials during cleanup  1536ms
   ✓ denies continued access after logout and revokes credentials during cleanup  1557ms
   ✓ denies continued access after disabled-user and revokes credentials during cleanup  932ms
   ✓ denies continued access after disabled-workspace and revokes credentials during cleanup  783ms
   ✓ denies continued access after deletion and revokes credentials during cleanup  1109ms
   ✓ denies continued access after unhealthy and revokes credentials during cleanup  877ms
   ✓ denies continued access after idle and revokes credentials during cleanup  486ms
   ✓ denies continued access after environment-expiry and revokes credentials during cleanup  442ms
   ✓ denies continued access after session-expiry and revokes credentials during cleanup  468ms
   ✓ denies continued access after revoked-route and revokes credentials during cleanup  508ms
   ✓ denies continued access after shutdown and revokes credentials during cleanup  503ms
   ✓ prevents API/worker cross-authority grants and permanent hostname reuse  478ms
   ✓ serializes logout against consume and renew without deadlocks or usable orphan sessions  444ms
   ✓ serializes revoke against consume and renew without deadlocks or usable orphan sessions  469ms
   ✓ serializes cancel against consume and renew without deadlocks or usable orphan sessions  638ms
   ✓ renews different viewer sessions concurrently and returns the updated idle expiry  463ms
   ✓ rejects legacy unbound tickets, generation mismatch, foreign worker registration and PUBLIC privileges  316ms
   ✓ late worker registration racing revocation never resurrects a revoked preview  373ms

 Test Files  62 passed | 2 skipped (64)
      Tests  794 passed | 5 skipped (799)
   Start at  00:05:48
   Duration  18.92s (transform 2.10s, setup 0ms, import 5.30s, tests 91.85s, environment 1.41s)


> forge-ai@0.2.0 prebuild
> node scripts/copy-editor.mjs


> forge-ai@0.2.0 build
> next build --webpack

▲ Next.js 16.3.4 (webpack)
✓ Running next.config.ts took 87ms
- Experiments (use with caution):
  · cpus: 2

  Creating an optimized production build ...
✓ Compiled successfully in 4.3s
  Running TypeScript ...
  Finished TypeScript in 3.2s ...
  Collecting page data using 2 workers ...
  Generating static pages using 2 workers (0/17) ...
  Generating static pages using 2 workers (4/17)
  Generating static pages using 2 workers (8/17)
  Generating static pages using 2 workers (12/17)
✓ Generating static pages using 2 workers (17/17) in 135ms
  Finalizing page optimization ...
  Collecting build traces ...

Route (app)
┌ ƒ /
├ ○ /_not-found
├ ƒ /api/account
├ ƒ /api/auth/[...all]
├ ƒ /api/jobs/[id]/cancel
├ ƒ /api/jobs/[id]/events
├ ƒ /api/projects
├ ƒ /api/projects/[id]
├ ƒ /api/projects/[id]/comments
├ ƒ /api/projects/[id]/export
├ ƒ /api/projects/[id]/jobs
├ ƒ /api/projects/[id]/remix
├ ƒ /api/projects/[id]/sharing
├ ƒ /api/projects/import
├ ƒ /api/providers
├ ƒ /api/providers/test
├ ƒ /api/status
├ ƒ /api/usage
├ ○ /app
├ ○ /app/connections
├ ○ /app/projects
├ ƒ /app/projects/[id]
├ ○ /app/settings
├ ○ /components
├ ○ /docs
├ ○ /examples
├ ƒ /examples/[id]
├ ○ /hosting
├ ○ /login
├ ○ /reset-password
└ ○ /sample


○  (Static)   prerendered as static content
ƒ  (Dynamic)  server-rendered on demand
