
> forge-ai@0.2.0 verify
> npm run lint && npm run typecheck && npm test && npm run build


> forge-ai@0.2.0 lint
> eslint .


> forge-ai@0.2.0 typecheck
> tsc --noEmit && tsc -p tsconfig.engine.json


> forge-ai@0.2.0 test
> vitest run


 RUN  v4.1.11 /private/tmp/forge-task01-final-reproduction

 ✓ src/engine/flow.test.ts (26 tests) 172ms
 ✓ tests/engine/e2-generation.test.ts (40 tests) 83ms
 ✓ tests/engine/byok.test.ts (56 tests) 130ms
 ✓ tests/providers/providers.test.ts (28 tests) 357ms
     ✓ retries transient server failures before a stream starts  312ms
 ✓ tests/engine/e3-transport.test.ts (12 tests) 723ms
 ✓ tests/engine/acceptance-ledger.test.ts (14 tests) 91ms
 ✓ tests/engine/provider-evaluation.test.ts (16 tests) 181ms
 ✓ tests/engine/validation-integration.test.ts (4 tests) 860ms
     ✓ binds generated candidate review to authenticated broker operations and refuses fixture verification as live  648ms
 ✓ tests/engine/task02-runtime.test.ts (16 tests) 299ms
 ✓ src/engine/workspace.test.ts (24 tests) 1980ms
 ✓ tests/engine/persistence.native.test.ts (4 tests) 3003ms
   ✓ stores encrypted bytes across actual process exits; rejects versions, tenants and excessive DB authority  658ms
   ✓ restores control jobs and every available encrypted version into a separate target with measured synthetic loss  529ms
 ✓ tests/engine/identity.native.test.ts (11 tests | 1 skipped) 3082ms
   ✓ exhausted operator retries return safe busy with no partial membership, session or audit changes  828ms
 ✓ tests/engine/contracts.test.ts (61 tests) 34ms
 ✓ src/engine/source-client.test.ts (28 tests) 58ms
 ✓ tests/engine/publishing.test.ts (28 tests) 69ms
 ✓ src/engine/client.test.ts (13 tests) 31ms
 ✓ tests/engine/byok.native.test.ts (5 tests) 2150ms
 ✓ tests/engine/e3-host.test.ts (20 tests) 1881ms
     ✓ expired launch is bounded and cannot release its reservation before settling  641ms
 ✓ tests/engine/oidc-identity.test.ts (26 tests) 83ms
 ✓ tests/engine/jobs.test.ts (9 tests) 27ms
 ✓ tests/engine/e3-runtime.test.ts (11 tests) 1566ms
     ✓ collects once only after every required check and persists its immutable digest  717ms
 ✓ tests/engine/delivery-evidence.test.ts (13 tests) 28ms
 ✓ tests/engine/operations.test.ts (8 tests) 13ms
 ✓ tests/engine/validation-acceptance.test.ts (6 tests) 6ms
 ✓ tests/engine/template-toolchain.test.ts (3 tests) 32ms
 ✓ server/cloud/store.test.mjs (6 tests) 1575ms
 ✓ tests/engine/preview-policy.test.ts (6 tests) 7ms
 ✓ src/cloud/main.test.ts (1 test) 691ms
   ✓ guides a new user through persisted stages, creates the first brief and clears private UI at logout  690ms
 ✓ server/app.test.mjs (7 tests) 42ms
 ✓ tests/engine/e3-collector.test.ts (16 tests) 8ms
 ✓ server/cloud/app.test.mjs (4 tests) 53ms
 ✓ tests/engine/preview-host.test.ts (8 tests) 278ms
 ✓ tests/engine/validation-secrets.test.ts (5 tests) 8ms
 ✓ tests/engine/encrypted-objects.test.ts (2 tests) 9ms
 ✓ tests/engine/byok-transport.test.ts (3 tests) 24ms
 ✓ tests/engine/validation-harness.test.ts (5 tests) 3ms
 ✓ tests/preview.test.ts (4 tests) 35ms
 ✓ tests/engine/e3-release.test.ts (16 tests) 74ms
 ✓ tests/creation.test.ts (5 tests) 24ms
 ✓ tests/engine/persistence-config.test.ts (3 tests) 8ms
 ✓ tests/engine/e5-candidate-recovery.test.ts (2 tests | 1 skipped) 10ms
 ✓ tests/generation.test.ts (6 tests) 54ms
 ✓ tests/engine/e4-control-http.test.ts (2 tests) 4964ms
   ✓ connects browser transport to displayed reviews, source, promotion, history and export over the existing control service  1725ms
   ✓ enforces source tenant boundaries, CSRF and exact file queries without exposing object locations  1191ms
 ✓ tests/engine/e2-local-artifacts.test.ts (3 tests) 90ms
 ✓ server/provider.test.mjs (12 tests) 17ms
 ✓ tests/engine/validation-migrations.test.ts (64 tests) 1773ms
     ✓ runs reviewed canonical migrations on fresh and seeded prior schemas in embedded PostgreSQL  1764ms
 ✓ tests/engine/validation-dependencies.test.ts (2 tests) 9ms
 ✓ tests/engine/e3-candidate-export.test.ts (3 tests | 1 skipped) 508ms
     ✓ roundtrips pinned platform source through reopened immutable artifacts and concrete scanner  435ms
 ✓ src/storage.test.ts (5 tests) 9ms
 ✓ server/cloud/auth.test.mjs (4 tests) 32ms
 ✓ src/design.test.ts (5 tests) 8ms
 ✓ tests/workspace.test.ts (15 tests) 9ms
 ✓ src/export.test.ts (2 tests) 29ms
 ✓ server/cloud/planning.test.mjs (3 tests) 17ms
 ✓ tests/engine/preview-hostnames.test.ts (1 test) 2ms
 ✓ tests/normalization.test.ts (1 test) 3ms
 ↓ tests/engine/e3-postgres-candidate.test.ts (1 test | 1 skipped)
 ✓ src/project.test.ts (2 tests) 2ms
 ↓ tests/engine/validation-native.test.ts (1 test | 1 skipped)
 ✓ tests/engine/e4-repair-integration.test.ts (4 tests) 7280ms
     ✓ requires changed repair bytes, a new diff and fresh execution approval before fixture success  1661ms
     ✓ stops at two repairs and four total reserved provider fixture operations despite repeated failures  1486ms
     ✓ fences an unadopted repair result after cancel changes during commit  948ms
     ✓ fences an unadopted repair result after epoch changes during commit  782ms
 ✓ tests/engine/database.test.ts (1 test) 1010ms
   ✓ applies the control migration and checks SQL constraints/RLS in embedded PostgreSQL (not native deployment evidence)  1009ms
 ✓ tests/engine/e2-control-integration.test.ts (19 tests) 15529ms
   ✓ connects actual 20-file candidate bytes through reviews, promotion, history, immutable export and source restoration (all execution is fixture)  1744ms
   ✓ rejects wrong immutable reference scope before adoption  503ms
   ✓ rejects wrong immutable reference hash before adoption  972ms
   ✓ rejects wrong immutable reference version before adoption  651ms
   ✓ rejects wrong immutable reference key before adoption  750ms
   ✓ rejects an invented plan resource grant and keeps plan metadata unadopted  543ms
   ✓ refuses tenant-crossed source reads and nonzero candidate admission  972ms
   ✓ rejects adoption after lease loss during object validation  744ms
   ✓ replays saved candidate references after crash without repeating the stage product  737ms
   ✓ coalesces concurrent export retries into one adopted immutable attachment  1279ms
   ✓ blocks export replay after verification revocation/expiry  767ms
   ✓ blocks export replay after policy revocation/expiry  573ms
   ✓ blocks export replay after session revocation/expiry  424ms
   ✓ refuses cached reference tampering during crash replay  441ms
   ✓ rejects a secret-bearing immutable candidate before reference adoption  497ms
   ✓ uses the guarded artifact locator for available bytes without revealing foreign/missing metadata  549ms
   ✓ reauthorizes a source read after object I/O and refuses revoked sessions  537ms
   ✓ refuses exported attachment bytes after role downgrade to viewer  527ms
   ✓ revalidates stored candidates with identical diff bytes and zero object writes  363ms
 ✓ tests/engine/control.native.test.ts (45 tests) 16015ms
   ✓ persists projects, completes only fixture stages and atomically promotes source  315ms
   ✓ denies cross-tenant reads/writes and viewer mutations, including pooled context reuse  567ms
   ✓ deduplicates concurrent requests, rejects different content and allows exactly one active project job  341ms
   ✓ recovers saved provider output after worker restart without a second call or charge  342ms
   ✓ keeps an ambiguous provider charge reserved after actual worker process death; resolves it once  622ms
   ✓ does not repeat a committed stage when the worker dies before acknowledgment  396ms
   ✓ serializes promotion and cancellation; no cancelled job changes the source head  915ms
   ✓ a repaired candidate cannot reuse the previous execution approval  549ms
   ✓ requires reset acknowledgment and restores source into a new reviewed history record  350ms
   ✓ rejects foreign/future SSE cursors and closes terminal replay after flushing facts  457ms
   ✓ replays identical explicit promotion requests after success without a second approval  304ms
   ✓ cancels PROVISIONING without promoting source or allowing further dispatch  315ms
 ✓ tests/engine/preview-control.native.test.ts (23 tests) 16101ms
   ✓ consumes one ticket atomically under 16 concurrent requests; stores only hashes  1011ms
   ✓ rolls consumption back when session insertion fails, then permits exactly one retry  1159ms
   ✓ rejects foreign tenant, wrong CSRF, wrong hostname, expired and replayed tickets  974ms
   ✓ binds sessions to exact tenant/generation/host and rotates once on concurrent renewal  1692ms
   ✓ denies continued access after membership and revokes credentials during cleanup  948ms
   ✓ denies continued access after logout and revokes credentials during cleanup  652ms
   ✓ denies continued access after disabled-user and revokes credentials during cleanup  487ms
   ✓ denies continued access after disabled-workspace and revokes credentials during cleanup  482ms
   ✓ denies continued access after deletion and revokes credentials during cleanup  471ms
   ✓ denies continued access after unhealthy and revokes credentials during cleanup  517ms
   ✓ denies continued access after idle and revokes credentials during cleanup  521ms
   ✓ denies continued access after environment-expiry and revokes credentials during cleanup  490ms
   ✓ denies continued access after session-expiry and revokes credentials during cleanup  472ms
   ✓ denies continued access after revoked-route and revokes credentials during cleanup  474ms
   ✓ denies continued access after shutdown and revokes credentials during cleanup  602ms
   ✓ prevents API/worker cross-authority grants and permanent hostname reuse  472ms
   ✓ serializes logout against consume and renew without deadlocks or usable orphan sessions  310ms
   ✓ renews different viewer sessions concurrently and returns the updated idle expiry  304ms
   ✓ revocation schedules canonical resource teardown and cleanup preserves hostname tombstone  305ms
   ✓ late worker registration racing revocation never resurrects a revoked preview  362ms

 Test Files  62 passed | 2 skipped (64)
      Tests  794 passed | 5 skipped (799)
   Start at  23:58:20
   Duration  19.63s (transform 1.96s, setup 0ms, import 5.08s, tests 83.25s, environment 1.66s)


> forge-ai@0.2.0 prebuild
> node scripts/copy-editor.mjs


> forge-ai@0.2.0 build
> next build --webpack

▲ Next.js 16.3.4 (webpack)
✓ Running next.config.ts took 2.6s
- Experiments (use with caution):
  · cpus: 2

  Creating an optimized production build ...
✓ Compiled successfully in 4.6s
  Running TypeScript ...
  Finished TypeScript in 3.3s ...
  Collecting page data using 2 workers ...
  Generating static pages using 2 workers (0/17) ...
  Generating static pages using 2 workers (4/17)
  Generating static pages using 2 workers (8/17)
  Generating static pages using 2 workers (12/17)
✓ Generating static pages using 2 workers (17/17) in 152ms
  Finalizing page optimization ...
  Collecting build traces ...

Route (app)
┌ ƒ /
├ ○ /_not-found
├ ƒ /api/account
├ ƒ /api/auth/[...all]
├ ƒ /api/jobs/[id]/cancel
├ ƒ /api/jobs/[id]/events
├ ƒ /api/projects
├ ƒ /api/projects/[id]
├ ƒ /api/projects/[id]/comments
├ ƒ /api/projects/[id]/export
├ ƒ /api/projects/[id]/jobs
├ ƒ /api/projects/[id]/remix
├ ƒ /api/projects/[id]/sharing
├ ƒ /api/projects/import
├ ƒ /api/providers
├ ƒ /api/providers/test
├ ƒ /api/status
├ ƒ /api/usage
├ ○ /app
├ ○ /app/connections
├ ○ /app/projects
├ ƒ /app/projects/[id]
├ ○ /app/settings
├ ○ /components
├ ○ /docs
├ ○ /examples
├ ƒ /examples/[id]
├ ○ /hosting
├ ○ /login
├ ○ /reset-password
└ ○ /sample


○  (Static)   prerendered as static content
ƒ  (Dynamic)  server-rendered on demand
