▲ [WARNING] Cannot find base config file "expo/tsconfig.base" [tsconfig.json]

    ../../tsconfig.json:3:13:
      3 │   "extends": "expo/tsconfig.base"
        ╵              ~~~~~~~~~~~~~~~~~~~~


 RUN  v4.1.11 $FORGE_CHECKOUT

 ❯ tests/auth/public-auth.test.ts (9 tests | 2 failed) 1717ms
   × delivers recovery through the configured adapter and revokes existing sessions after reset 105ms
   × preserves optional invite-only signup and server-enforced password length 53ms

⎯⎯⎯⎯⎯⎯⎯ Failed Tests 2 ⎯⎯⎯⎯⎯⎯⎯

 FAIL  tests/auth/public-auth.test.ts > delivers recovery through the configured adapter and revokes existing sessions after reset
AssertionError: expected 403 to be 302 // Object.is equality

- Expected
+ Received

- 302
+ 403

 ❯ tests/auth/public-auth.test.ts:109:23
    107|   expect(mail.subject).toContain('Reset')
    108|   const next = await GET(new Request(mail.url, { headers: { host: new …
    109|   expect(next.status).toBe(302)
       |                       ^
    110|   const token = new URL(next.headers.get('location')!, origin).searchP…
    111|   expect(token).toBeTruthy()

⎯⎯⎯⎯⎯⎯⎯⎯⎯⎯⎯⎯⎯⎯⎯⎯⎯⎯⎯⎯⎯⎯⎯⎯[1/2]⎯

 FAIL  tests/auth/public-auth.test.ts > preserves optional invite-only signup and server-enforced password length
AssertionError: expected 200 to be 403 // Object.is equality

- Expected
+ Received

- 403
+ 200

 ❯ tests/auth/public-auth.test.ts:121:109
    119| it('preserves optional invite-only signup and server-enforced password…
    120|   vi.stubEnv('FORGE_SIGNUP_POLICY', 'invite')
    121|   expect((await post('sign-up/email', { name: 'Test', email: 'nobody@e…
       |                                                                                                             ^
    122|   vi.stubEnv('FORGE_SIGNUP_POLICY', 'public')
    123|   expect((await post('sign-up/email', { name: 'Test', email: 'nobody@e…

⎯⎯⎯⎯⎯⎯⎯⎯⎯⎯⎯⎯⎯⎯⎯⎯⎯⎯⎯⎯⎯⎯⎯⎯[2/2]⎯


 Test Files  1 failed (1)
      Tests  2 failed | 7 passed (9)
   Start at  03:21:32
   Duration  2.46s (transform 76ms, setup 0ms, import 667ms, tests 1.72s, environment 0ms)
